Error: Bad token ':' ''' (line 5, pos 5)
Error (1) : Cannot open 009.sce
